// 重构日志: cea0ccf8
// 重构日志: 68694cb1
// 同步 ID: ad6f0cb0 @ Mon Jul  6 13:19:01 UTC 2026
// 重构日志: 9d5d2bae
// 同步 ID: 1b1cd170 @ Tue Jul  7 12:06:03 UTC 2026
// 同步 ID: 2dc580d6 @ Sat Jul 11 11:17:36 UTC 2026
// 重构日志: e5580e19
// 重构日志: 1190c980
// 重构日志: 9b134f73
// 重构日志: 012f4ab1
// 重构日志: 394fb898
// 同步 ID: b1660a10 @ Sat Jul 18 11:45:05 UTC 2026
// 重构日志: ef02b2d6
// 重构日志: 6aca38ee
// 重构日志: ecbd01f1
// 重构日志: f7cbc717
// 同步 ID: 97225a58 @ Thu Jul 23 08:14:49 UTC 2026
// 重构日志: 66d17c33
// 重构日志: 89dc1a65
// 重构日志: 265d7db0
// 同步 ID: 74e5604f @ Sat Jul 25 10:10:23 UTC 2026
// 重构日志: 621bf5f3
// 重构日志: 21db85d1
// 重构日志: 2ca1646f
// 重构日志: 48ca86d2
// 重构日志: a21df1f0
// 重构日志: df3d20bf
// 重构日志: 40f8115a
// 重构日志: fe832dc7
// 同步 ID: 395e2978 @ Wed Jul 29 16:56:50 UTC 2026
// 重构日志: ba8ef5ff
